Microchip MPLAB XC8 Compiler V2.31

Linker command line:

-W-3 --edf=C:\Program Files\Microchip\xc8\v2.31\pic\dat\en_msgs.txt -cn \
  -h+dist/default/production\ElectronicaDigital2_Lab2.X.production.sym \
  --cmf=dist/default/production\ElectronicaDigital2_Lab2.X.production.cmf \
  -z -Q16F887 -oC:\Users\ferna\AppData\Local\Temp\sgfo.2 \
  --defsym=__MPLAB_BUILD=1 \
  -Mdist/default/production/ElectronicaDigital2_Lab2.X.production.map -E1 \
  -ver=XC8 Compiler --acfsm=1493 -ASTACK=0110h-016Fh -pstack=STACK \
  -ACODE=00h-07FFhx4 -ASTRCODE=00h-01FFFh -ASTRING=00h-0FFhx32 \
  -ACONST=00h-0FFhx32 -AENTRY=00h-0FFhx32 -ACOMMON=070h-07Fh \
  -ABANK0=020h-06Fh -ABANK1=0A0h-0EFh -ABANK2=0110h-016Fh \
  -ABANK3=0190h-01EFh -ARAM=020h-06Fh,0A0h-0EFh,0110h-016Fh,0190h-01EFh \
  -AABS1=020h-07Fh,0A0h-0EFh,0110h-016Fh,0190h-01EFh -ASFR0=00h-01Fh \
  -ASFR1=080h-09Fh -ASFR2=0100h-010Fh -ASFR3=0180h-018Fh \
  -ACONFIG=02007h-02008h -DCONFIG=2 -AIDLOC=02000h-02003h -DIDLOC=2 \
  -AEEDATA=00h-0FFh/02100h -peeprom_data=EEDATA -DEEDATA=2 -DCODE=2 \
  -DSTRCODE=2 -DSTRING=2 -DCONST=2 -DENTRY=2 \
  -preset_vec=00h,intentry=04h,init,end_init -ppowerup=CODE -pcinit=CODE \
  -pfunctab=ENTRY -k C:\Users\ferna\AppData\Local\Temp\sgfo.o \
  dist/default/production\ElectronicaDigital2_Lab2.X.production.o 

Object code version is 3.11

Machine type is 16F887



                Name                               Link     Load   Length Selector   Space Scale
C:\Users\ferna\AppData\Local\Temp\sgfo.o
                end_init                              C        C        3        8       0
                reset_vec                             0        0        3        0       0
                config                             2007     2007        2        0       4
dist/default/production\ElectronicaDigital2_Lab2.X.production.o
                cinit                                 F        F        D        8       0
                intentry                              4        4        8        8       0
                config                             2007     2007        2        0       4
                text23                              65C      65C       15      A6A       0
                text22                              48B      48B       4E        8       0
                text21                              62F      62F       18      A6A       0
                text20                              693      693        8      A6A       0
                text19                              647      647       15      A6A       0
                text18                              684      684        F      A6A       0
                text17                              671      671       13      A6A       0
                text16                              3EA      3EA       52        8       0
                text15                              617      617       18      A6A       0
                text14                              5D9      5D9       26      A6A       0
                text13                              32F      32F       69        8       0
                text12                              58C      58C       27      A6A       0
                text11                              5FF      5FF       18      A6A       0
                text10                              5B3      5B3       26      A6A       0
                text9                                BB       BB       8D        8       0
                text8                               1CD      1CD       79        8       0
                text7                               148      148       85        8       0
                text6                               2BD      2BD       72        8       0
                text5                               43C      43C       4F        8       0
                text4                               561      561       2B      A6A       0
                text3                               246      246       77        8       0
                text2                                1C       1C       9F        8       0
                text1                               535      535       2C      A6A       0
                maintext                            398      398       52        8       0
                cstackBANK0                          20       20       1A       20       1
                cstackCOMMON                         70       70        8       70       1
                dataBANK0                            3D       3D        1       20       1
                bssBANK0                             3A       3A        3       20       1
                strings                             500      500       35      A00       0
                idataBANK0                          69B      69B        1      A6A       0

TOTAL           Name                               Link     Load   Length     Space
        CLASS   STACK          

        CLASS   CODE           
                end_init                              C        C        3         0
                cinit                                 F        F        D         0
                intentry                              4        4        8         0
                reset_vec                             0        0        3         0
                text23                              65C      65C       15         0
                text22                              48B      48B       4E         0
                text21                              62F      62F       18         0
                text20                              693      693        8         0
                text19                              647      647       15         0
                text18                              684      684        F         0
                text17                              671      671       13         0
                text16                              3EA      3EA       52         0
                text15                              617      617       18         0
                text14                              5D9      5D9       26         0
                text13                              32F      32F       69         0
                text12                              58C      58C       27         0
                text11                              5FF      5FF       18         0
                text10                              5B3      5B3       26         0
                text9                                BB       BB       8D         0
                text8                               1CD      1CD       79         0
                text7                               148      148       85         0
                text6                               2BD      2BD       72         0
                text5                               43C      43C       4F         0
                text4                               561      561       2B         0
                text3                               246      246       77         0
                text2                                1C       1C       9F         0
                text1                               535      535       2C         0
                maintext                            398      398       52         0
                idataBANK0                          69B      69B        1         0

        CLASS   STRCODE        

        CLASS   STRING         
                strings                             500      500       35         0

        CLASS   CONST          

        CLASS   ENTRY          

        CLASS   COMMON         
                cstackCOMMON                         70       70        8         1

        CLASS   BANK0          
                cstackBANK0                          20       20       1A         1
                dataBANK0                            3D       3D        1         1
                bssBANK0                             3A       3A        3         1

        CLASS   BANK1          

        CLASS   BANK2          

        CLASS   BANK3          

        CLASS   RAM            

        CLASS   ABS1           
                abs_s1                               7E       7E        2         1

        CLASS   SFR0           

        CLASS   SFR1           

        CLASS   SFR2           

        CLASS   SFR3           

        CLASS   CONFIG         
                config                             2007     2007        2         4

        CLASS   IDLOC          

        CLASS   EEDATA         



SEGMENTS        Name                           Load    Length   Top    Selector   Space  Class     Delta

                reset_vec                      000000  000003  000003         0       0  CODE        2
                intentry                       000004  0004D5  0004D9         8       0  CODE        2
                cstackBANK0                    000020  00001E  00003E        20       1  BANK0       1
                cstackCOMMON                   000070  000008  000078        70       1  COMMON      1
                strings                        000500  000035  000535       A00       0  STRING      2
                text1                          000535  000167  00069C       A6A       0  CODE        2


UNUSED ADDRESS RANGES

        Name                Unused          Largest block    Delta
        BANK0            003E-006F             32           1
        BANK1            00A0-00EF             50           1
        BANK2            0110-016F             60           1
        BANK3            0190-01EF             60           1
        CODE             0003-0003              1           2
                         04D9-04FF             27
                         069C-1FFF            800
        COMMON           0078-007D              6           1
        CONST            0003-0003              1           2
                         04D9-04FF             27
                         069C-1FFF            100
        EEDATA           2100-21FF            100           2
        ENTRY            0003-0003              1           2
                         04D9-04FF             27
                         069C-1FFF            100
        IDLOC            2000-2003              4           2
        RAM              003E-006F             32           1
                         00A0-00EF             50
                         0110-016F             60
                         0190-01EF             60
        SFR0             0000-001F             20           1
        SFR1             0080-009F             20           1
        SFR2             0100-010F             10           1
        SFR3             0180-018F             10           1
        STACK            0110-016F             60           1
        STRCODE          0003-0003              1           2
                         04D9-04FF             27
                         069C-1FFF           1964
        STRING           0003-0003              1           2
                         04D9-04FF             27
                         069C-1FFF            100

                                  Symbol Table

?___awdiv                  cstackBANK0  0020
?___wmul                   cstackBANK0  0020
CMD_LCD@v                  cstackBANK0  0020
Char_LCD@a                 cstackBANK0  0020
LCD@canal_10               cstackBANK0  0036
LCD@canal_12               cstackBANK0  0033
LCD@cont                   cstackBANK0  0034
Lcd_Set_Cursor@a           cstackBANK0  0023
Lcd_Set_Cursor@b           cstackBANK0  0021
Lcd_Set_Cursor@temp        cstackBANK0  0024
PORT_LCD@v                 cstackCOMMON 0076
Print_Cont@centena         cstackBANK0  0030
Print_Cont@decena          cstackBANK0  002E
Print_Cont@temp            cstackBANK0  002C
Print_Cont@unidad          cstackBANK0  002A
Print_Cont@valor           cstackBANK0  0032
Print_Num@centena          cstackBANK0  002F
Print_Num@decena           cstackBANK0  002D
Print_Num@temp             cstackBANK0  0031
Print_Num@unidad           cstackBANK0  002A
Print_Num@valor            cstackBANK0  002C
Texto_USART@i              cstackBANK0  0020
Texto_USART@texto          cstackBANK0  0021
Transmisor_USART@centena   cstackBANK0  002F
Transmisor_USART@decena    cstackBANK0  002D
Transmisor_USART@temp      cstackBANK0  0031
Transmisor_USART@unidad    cstackBANK0  002A
Transmisor_USART@valor     cstackBANK0  002C
USART@canal_10             cstackBANK0  0034
USART@canal_12             cstackBANK0  0033
Valor_ADC@canal            cstackCOMMON 0071
Write_LCD@a                cstackBANK0  0023
Write_LCD@i                cstackBANK0  0022
_ADCON0bits                (abs)        001F
_ADCON1bits                (abs)        009F
_ADIF                      (abs)        0066
_ADRESH                    (abs)        001E
_ANSEL                     (abs)        0188
_ANSELH                    (abs)        0189
_CMD_LCD                   text15       0617
_CREN                      (abs)        00C4
_Char_LCD                  text11       05FF
_Config_ADC                text21       062F
_Config_Oscilador          text20       0693
_Config_Puertos            text19       0647
_Config_TMR0               text18       0684
_Config_USART              text17       0671
_INTCON                    (abs)        000B
_IRCF0                     (abs)        047C
_IRCF1                     (abs)        047D
_IRCF2                     (abs)        047E
_LCD                       text6        02BD
_LCD_Init_8bits            text5        043C
_Lcd_Set_Cursor            text14       05D9
_PIE1bits                  (abs)        008C
_PIR1bits                  (abs)        000C
_PORTA                     (abs)        0005
_PORTAbits                 (abs)        0005
_PORTB                     (abs)        0006
_PORTC                     (abs)        0007
_PORTD                     (abs)        0008
_PORTE                     (abs)        0009
_PORTEbits                 (abs)        0009
_PORT_LCD                  text16       03EA
_PS0                       (abs)        0408
_PS1                       (abs)        0409
_PS2                       (abs)        040A
_PSA                       (abs)        040B
_Print_Cont                text8        01CD
_Print_Num                 text7        0148
_RCIF                      (abs)        0065
_RCREG                     (abs)        001A
_SPBRG                     (abs)        0099
_SPEN                      (abs)        00C7
_SYNC                      (abs)        04C4
_T0CS                      (abs)        040D
_T0IF                      (abs)        005A
_TMR0                      (abs)        0001
_TRISA                     (abs)        0085
_TRISB                     (abs)        0086
_TRISC                     (abs)        0087
_TRISD                     (abs)        0088
_TRISE                     (abs)        0089
_TXEN                      (abs)        04C5
_TXREG                     (abs)        0019
_Texto_USART               text4        0561
_Transmisor_USART          text2        001C
_USART                     text1        0535
_Valor_ADC                 text23       065C
_Valor_Canal_10            bssBANK0     003C
_Valor_Canal_12            bssBANK0     003B
_Valor_TMR0                dataBANK0    003D
_Write_LCD                 text10       05B3
__Habs1                    abs1         0000
__Hbank0                   bank0        0000
__Hbank1                   bank1        0000
__Hbank2                   bank2        0000
__Hbank3                   bank3        0000
__HbssBANK0                bssBANK0     0000
__Hcinit                   cinit        001C
__Hclrtext                 clrtext      0000
__Hcode                    code         0000
__Hcommon                  common       0000
__Hconfig                  config       2009
__HcstackBANK0             cstackBANK0  0000
__HcstackCOMMON            cstackCOMMON 0000
__HdataBANK0               dataBANK0    0000
__Heeprom_data             eeprom_data  0000
__Hend_init                end_init     000F
__Hfunctab                 functab      0000
__HidataBANK0              idataBANK0   0000
__Hinit                    init         000C
__Hintentry                intentry     000C
__Hmaintext                maintext     0000
__Hpowerup                 powerup      0000
__Hram                     ram          0000
__Hreset_vec               reset_vec    0003
__Hsfr0                    sfr0         0000
__Hsfr1                    sfr1         0000
__Hsfr2                    sfr2         0000
__Hsfr3                    sfr3         0000
__Hspace_0                 (abs)        069C
__Hspace_1                 (abs)        0078
__Hspace_2                 (abs)        0000
__Hspace_3                 (abs)        0000
__Hspace_4                 (abs)        4010
__Hstack                   stack        0000
__Hstrings                 strings      0000
__Htext                    text         0000
__Labs1                    abs1         0000
__Lbank0                   bank0        0000
__Lbank1                   bank1        0000
__Lbank2                   bank2        0000
__Lbank3                   bank3        0000
__LbssBANK0                bssBANK0     0000
__Lcinit                   cinit        000F
__Lclrtext                 clrtext      0000
__Lcode                    code         0000
__Lcommon                  common       0000
__Lconfig                  config       0000
__LcstackBANK0             cstackBANK0  0000
__LcstackCOMMON            cstackCOMMON 0000
__LdataBANK0               dataBANK0    0000
__Leeprom_data             eeprom_data  0000
__Lend_init                end_init     000C
__Lfunctab                 functab      0000
__LidataBANK0              idataBANK0   0000
__Linit                    init         000C
__Lintentry                intentry     0004
__Lmaintext                maintext     0000
__Lpowerup                 powerup      0000
__Lram                     ram          0000
__Lreset_vec               reset_vec    0000
__Lsfr0                    sfr0         0000
__Lsfr1                    sfr1         0000
__Lsfr2                    sfr2         0000
__Lsfr3                    sfr3         0000
__Lspace_0                 (abs)        0000
__Lspace_1                 (abs)        0000
__Lspace_2                 (abs)        0000
__Lspace_3                 (abs)        0000
__Lspace_4                 (abs)        0000
__Lstack                   stack        0000
__Lstrings                 strings      0000
__Ltext                    text         0000
__S0                       (abs)        069C
__S1                       (abs)        0078
__S2                       (abs)        0000
__S3                       (abs)        0000
___awdiv                   text13       032F
___awdiv@counter           cstackBANK0  0024
___awdiv@dividend          cstackBANK0  0022
___awdiv@divisor           cstackBANK0  0020
___awdiv@quotient          cstackBANK0  0026
___awdiv@sign              cstackBANK0  0025
___int_sp                  stack        0000
___latbits                 (abs)        0002
___sp                      stack        0000
___stackhi                 (abs)        0000
___stacklo                 (abs)        0000
___wmul                    text12       058C
___wmul@multiplicand       cstackBANK0  0022
___wmul@multiplier         cstackBANK0  0020
___wmul@product            cstackCOMMON 0076
__end_of_CMD_LCD           text15       062F
__end_of_Char_LCD          text11       0617
__end_of_Config_ADC        text21       0647
__end_of_Config_Oscilador  text20       069B
__end_of_Config_Puertos    text19       065C
__end_of_Config_TMR0       text18       0693
__end_of_Config_USART      text17       0684
__end_of_LCD               text6        032F
__end_of_LCD_Init_8bits    text5        048B
__end_of_Lcd_Set_Cursor    text14       05FF
__end_of_PORT_LCD          text16       043C
__end_of_Print_Cont        text8        0246
__end_of_Print_Num         text7        01CD
__end_of_Texto_USART       text4        058C
__end_of_Transmisor_USART  text2        00BB
__end_of_USART             text1        0561
__end_of_Valor_ADC         text23       0671
__end_of_Write_LCD         text10       05D9
__end_of___awdiv           text13       0398
__end_of___wmul            text12       05B3
__end_of__initialization   cinit        0018
__end_of__stringtab        strings      0506
__end_of_isr               text22       04D9
__end_of_main              maintext     03EA
__end_of_tabla_USART       text3        02BD
__end_of_tabla_num         text9        0148
__initialization           cinit        000F
__pbssBANK0                bssBANK0     003A
__pcstackBANK0             cstackBANK0  0020
__pcstackCOMMON            cstackCOMMON 0070
__pdataBANK0               dataBANK0    003D
__pidataBANK0              idataBANK0   069B
__pintentry                intentry     0004
__pmaintext                maintext     0398
__pstrings                 strings      0500
__ptext1                   text1        0535
__ptext10                  text10       05B3
__ptext11                  text11       05FF
__ptext12                  text12       058C
__ptext13                  text13       032F
__ptext14                  text14       05D9
__ptext15                  text15       0617
__ptext16                  text16       03EA
__ptext17                  text17       0671
__ptext18                  text18       0684
__ptext19                  text19       0647
__ptext2                   text2        001C
__ptext20                  text20       0693
__ptext21                  text21       062F
__ptext22                  text22       048B
__ptext23                  text23       065C
__ptext3                   text3        0246
__ptext4                   text4        0561
__ptext5                   text5        043C
__ptext6                   text6        02BD
__ptext7                   text7        0148
__ptext8                   text8        01CD
__ptext9                   text9        00BB
__size_of_CMD_LCD          (abs)        0000
__size_of_Char_LCD         (abs)        0000
__size_of_Config_ADC       (abs)        0000
__size_of_Config_Oscilador (abs)        0000
__size_of_Config_Puertos   (abs)        0000
__size_of_Config_TMR0      (abs)        0000
__size_of_Config_USART     (abs)        0000
__size_of_LCD              (abs)        0000
__size_of_LCD_Init_8bits   (abs)        0000
__size_of_Lcd_Set_Cursor   (abs)        0000
__size_of_PORT_LCD         (abs)        0000
__size_of_Print_Cont       (abs)        0000
__size_of_Print_Num        (abs)        0000
__size_of_Texto_USART      (abs)        0000
__size_of_Transmisor_USART (abs)        0000
__size_of_USART            (abs)        0000
__size_of_Valor_ADC        (abs)        0000
__size_of_Write_LCD        (abs)        0000
__size_of___awdiv          (abs)        0000
__size_of___wmul           (abs)        0000
__size_of_isr              (abs)        0000
__size_of_main             (abs)        0000
__size_of_tabla_USART      (abs)        0000
__size_of_tabla_num        (abs)        0000
__stringbase               strings      0505
__stringtab                strings      0500
_contador                  bssBANK0     003A
_isr                       text22       048B
_main                      maintext     0398
_tabla_USART               text3        0246
_tabla_num                 text9        00BB
btemp                      (abs)        007E
end_of_initialization      cinit        0018
interrupt_function         intentry     0004
intlevel0                  functab      0000
intlevel1                  functab      0000
intlevel2                  functab      0000
intlevel3                  functab      0000
intlevel4                  functab      0000
intlevel5                  functab      0000
reset_vec                  reset_vec    0000
saved_w                    (abs)        007E
start                      init         000C
start_initialization       cinit        000F
tabla_USART@numero         cstackCOMMON 0076
tabla_num@numero           cstackBANK0  0024
wtemp0                     (abs)        007E


FUNCTION INFORMATION:

 *************** function _main *****************
 Defined at:
		line 91 in file "Lab2.c"
 Parameters:    Size  Location     Type
		None
 Auto vars:     Size  Location     Type
		None
 Return value:  Size  Location     Type
                  1    wreg      void 
 Registers used:
		wreg, fsr0l, fsr0h, status,2, status,0, pclath, cstack
 Tracked objects:
		On entry : 
		On exit  : 
		Unchanged: 
 Data sizes:     COMMON   BANK0   BANK1   BANK3   BANK2
      Params:         0       0       0       0       0
      Locals:         0       0       0       0       0
      Temps:          0       3       0       0       0
      Totals:         0       3       0       0       0
Total ram usage:        3 bytes
 Hardware stack levels required when called:    8
 This function calls:
		_Config_ADC
		_Config_Oscilador
		_Config_Puertos
		_Config_TMR0
		_Config_USART
		_LCD
		_LCD_Init_8bits
		_USART
 This function is called by:
		Startup code after reset
 This function uses a non-reentrant model


 *************** function _USART *****************
 Defined at:
		line 128 in file "../../OneDrive/Escritorio/lab fredy/Lab_02.X/LibreriaConfig.c"
 Parameters:    Size  Location     Type
  canal_10        1    wreg     unsigned char 
  canal_12        1   19[BANK0 ] unsigned char 
 Auto vars:     Size  Location     Type
  canal_10        1   20[BANK0 ] unsigned char 
 Return value:  Size  Location     Type
                  1    wreg      void 
 Registers used:
		wreg, fsr0l, fsr0h, status,2, status,0, pclath, cstack
 Tracked objects:
		On entry : 
		On exit  : 
		Unchanged: 
 Data sizes:     COMMON   BANK0   BANK1   BANK3   BANK2
      Params:         0       1       0       0       0
      Locals:         0       1       0       0       0
      Temps:          0       0       0       0       0
      Totals:         0       2       0       0       0
Total ram usage:        2 bytes
 Hardware stack levels used:    1
 Hardware stack levels required when called:    4
 This function calls:
		_Texto_USART
		_Transmisor_USART
 This function is called by:
		_main
 This function uses a non-reentrant model


 *************** function _Transmisor_USART *****************
 Defined at:
		line 81 in file "../../OneDrive/Escritorio/lab fredy/Lab_02.X/LibreriaConfig.c"
 Parameters:    Size  Location     Type
  valor           1    wreg     unsigned char 
 Auto vars:     Size  Location     Type
  valor           1   12[BANK0 ] unsigned char 
  temp            2   17[BANK0 ] int 
  centena         2   15[BANK0 ] int 
  decena          2   13[BANK0 ] int 
  unidad          2   10[BANK0 ] int 
 Return value:  Size  Location     Type
                  1    wreg      void 
 Registers used:
		wreg, status,2, status,0, pclath, cstack
 Tracked objects:
		On entry : 
		On exit  : 
		Unchanged: 
 Data sizes:     COMMON   BANK0   BANK1   BANK3   BANK2
      Params:         0       0       0       0       0
      Locals:         0       9       0       0       0
      Temps:          0       2       0       0       0
      Totals:         0      11       0       0       0
Total ram usage:       11 bytes
 Hardware stack levels used:    1
 Hardware stack levels required when called:    3
 This function calls:
		___awdiv
		___wmul
		_tabla_USART
 This function is called by:
		_USART
 This function uses a non-reentrant model


 *************** function _tabla_USART *****************
 Defined at:
		line 102 in file "../../OneDrive/Escritorio/lab fredy/Lab_02.X/LibreriaConfig.c"
 Parameters:    Size  Location     Type
  numero          2    6[COMMON] int 
 Auto vars:     Size  Location     Type
		None
 Return value:  Size  Location     Type
                  1    wreg      void 
 Registers used:
		wreg, status,2, status,0
 Tracked objects:
		On entry : 
		On exit  : 
		Unchanged: 
 Data sizes:     COMMON   BANK0   BANK1   BANK3   BANK2
      Params:         2       0       0       0       0
      Locals:         0       0       0       0       0
      Temps:          0       0       0       0       0
      Totals:         2       0       0       0       0
Total ram usage:        2 bytes
 Hardware stack levels used:    1
 Hardware stack levels required when called:    2
 This function calls:
		Nothing
 This function is called by:
		_Transmisor_USART
 This function uses a non-reentrant model


 *************** function _Texto_USART *****************
 Defined at:
		line 138 in file "../../OneDrive/Escritorio/lab fredy/Lab_02.X/LibreriaConfig.c"
 Parameters:    Size  Location     Type
  texto           1    wreg     PTR unsigned char 
		 -> STR_14(6), STR_13(6), STR_12(10), 
 Auto vars:     Size  Location     Type
  texto           1    1[BANK0 ] PTR unsigned char 
		 -> STR_14(6), STR_13(6), STR_12(10), 
  i               1    0[BANK0 ] unsigned char 
 Return value:  Size  Location     Type
                  1    wreg      void 
 Registers used:
		wreg, fsr0l, fsr0h, status,2, status,0, pclath
 Tracked objects:
		On entry : 
		On exit  : 
		Unchanged: 
 Data sizes:     COMMON   BANK0   BANK1   BANK3   BANK2
      Params:         0       0       0       0       0
      Locals:         0       2       0       0       0
      Temps:          2       0       0       0       0
      Totals:         2       2       0       0       0
Total ram usage:        4 bytes
 Hardware stack levels used:    1
 Hardware stack levels required when called:    2
 This function calls:
		Nothing
 This function is called by:
		_USART
 This function uses a non-reentrant model


 *************** function _LCD_Init_8bits *****************
 Defined at:
		line 5 in file "LCD.c"
 Parameters:    Size  Location     Type
		None
 Auto vars:     Size  Location     Type
		None
 Return value:  Size  Location     Type
                  1    wreg      void 
 Registers used:
		wreg, status,2, status,0, pclath, cstack
 Tracked objects:
		On entry : 
		On exit  : 
		Unchanged: 
 Data sizes:     COMMON   BANK0   BANK1   BANK3   BANK2
      Params:         0       0       0       0       0
      Locals:         0       0       0       0       0
      Temps:          0       2       0       0       0
      Totals:         0       2       0       0       0
Total ram usage:        2 bytes
 Hardware stack levels used:    1
 Hardware stack levels required when called:    4
 This function calls:
		_CMD_LCD
		_PORT_LCD
 This function is called by:
		_main
 This function uses a non-reentrant model


 *************** function _LCD *****************
 Defined at:
		line 146 in file "../../OneDrive/Escritorio/lab fredy/Lab_02.X/LibreriaConfig.c"
 Parameters:    Size  Location     Type
  canal_10        1    wreg     unsigned char 
  canal_12        1   19[BANK0 ] unsigned char 
  cont            1   20[BANK0 ] unsigned char 
 Auto vars:     Size  Location     Type
  canal_10        1   22[BANK0 ] unsigned char 
 Return value:  Size  Location     Type
                  1    wreg      void 
 Registers used:
		wreg, fsr0l, fsr0h, status,2, status,0, pclath, cstack
 Tracked objects:
		On entry : 
		On exit  : 
		Unchanged: 
 Data sizes:     COMMON   BANK0   BANK1   BANK3   BANK2
      Params:         0       2       0       0       0
      Locals:         0       1       0       0       0
      Temps:          0       1       0       0       0
      Totals:         0       4       0       0       0
Total ram usage:        4 bytes
 Hardware stack levels used:    1
 Hardware stack levels required when called:    7
 This function calls:
		_Lcd_Set_Cursor
		_Print_Cont
		_Print_Num
		_Write_LCD
 This function is called by:
		_main
 This function uses a non-reentrant model


 *************** function _Print_Num *****************
 Defined at:
		line 64 in file "LCD.c"
 Parameters:    Size  Location     Type
  valor           1    wreg     unsigned char 
 Auto vars:     Size  Location     Type
  valor           1   12[BANK0 ] unsigned char 
  temp            2   17[BANK0 ] int 
  centena         2   15[BANK0 ] int 
  decena          2   13[BANK0 ] int 
  unidad          2   10[BANK0 ] int 
 Return value:  Size  Location     Type
                  1    wreg      void 
 Registers used:
		wreg, fsr0l, fsr0h, status,2, status,0, pclath, cstack
 Tracked objects:
		On entry : 
		On exit  : 
		Unchanged: 
 Data sizes:     COMMON   BANK0   BANK1   BANK3   BANK2
      Params:         0       0       0       0       0
      Locals:         0       9       0       0       0
      Temps:          0       2       0       0       0
      Totals:         0      11       0       0       0
Total ram usage:       11 bytes
 Hardware stack levels used:    1
 Hardware stack levels required when called:    6
 This function calls:
		_Write_LCD
		___awdiv
		___wmul
		_tabla_num
 This function is called by:
		_LCD
 This function uses a non-reentrant model


 *************** function _Print_Cont *****************
 Defined at:
		line 78 in file "LCD.c"
 Parameters:    Size  Location     Type
  valor           1    wreg     unsigned char 
 Auto vars:     Size  Location     Type
  valor           1   18[BANK0 ] unsigned char 
  centena         2   16[BANK0 ] int 
  decena          2   14[BANK0 ] int 
  temp            2   12[BANK0 ] int 
  unidad          2   10[BANK0 ] int 
 Return value:  Size  Location     Type
                  1    wreg      void 
 Registers used:
		wreg, fsr0l, fsr0h, status,2, status,0, pclath, cstack
 Tracked objects:
		On entry : 
		On exit  : 
		Unchanged: 
 Data sizes:     COMMON   BANK0   BANK1   BANK3   BANK2
      Params:         0       0       0       0       0
      Locals:         0       9       0       0       0
      Temps:          0       2       0       0       0
      Totals:         0      11       0       0       0
Total ram usage:       11 bytes
 Hardware stack levels used:    1
 Hardware stack levels required when called:    6
 This function calls:
		___awdiv
		___wmul
		_tabla_num
 This function is called by:
		_LCD
 This function uses a non-reentrant model


 *************** function _tabla_num *****************
 Defined at:
		line 90 in file "LCD.c"
 Parameters:    Size  Location     Type
  numero          2    4[BANK0 ] int 
 Auto vars:     Size  Location     Type
		None
 Return value:  Size  Location     Type
                  1    wreg      void 
 Registers used:
		wreg, fsr0l, fsr0h, status,2, status,0, pclath, cstack
 Tracked objects:
		On entry : 
		On exit  : 
		Unchanged: 
 Data sizes:     COMMON   BANK0   BANK1   BANK3   BANK2
      Params:         0       2       0       0       0
      Locals:         0       0       0       0       0
      Temps:          0       0       0       0       0
      Totals:         0       2       0       0       0
Total ram usage:        2 bytes
 Hardware stack levels used:    1
 Hardware stack levels required when called:    5
 This function calls:
		_Write_LCD
 This function is called by:
		_Print_Num
		_Print_Cont
 This function uses a non-reentrant model


 *************** function _Write_LCD *****************
 Defined at:
		line 58 in file "LCD.c"
 Parameters:    Size  Location     Type
  a               1    wreg     PTR unsigned char 
		 -> STR_17(3), STR_16(3), STR_15(3), STR_11(2), 
		 -> STR_10(2), STR_9(2), STR_8(2), STR_7(2), 
		 -> STR_6(2), STR_5(2), STR_4(2), STR_3(2), 
		 -> STR_2(2), STR_1(2), 
 Auto vars:     Size  Location     Type
  a               1    3[BANK0 ] PTR unsigned char 
		 -> STR_17(3), STR_16(3), STR_15(3), STR_11(2), 
		 -> STR_10(2), STR_9(2), STR_8(2), STR_7(2), 
		 -> STR_6(2), STR_5(2), STR_4(2), STR_3(2), 
		 -> STR_2(2), STR_1(2), 
  i               1    2[BANK0 ] unsigned char 
 Return value:  Size  Location     Type
                  1    wreg      void 
 Registers used:
		wreg, fsr0l, fsr0h, status,2, status,0, pclath, cstack
 Tracked objects:
		On entry : 
		On exit  : 
		Unchanged: 
 Data sizes:     COMMON   BANK0   BANK1   BANK3   BANK2
      Params:         0       0       0       0       0
      Locals:         0       2       0       0       0
      Temps:          0       1       0       0       0
      Totals:         0       3       0       0       0
Total ram usage:        3 bytes
 Hardware stack levels used:    1
 Hardware stack levels required when called:    4
 This function calls:
		_Char_LCD
 This function is called by:
		_Print_Num
		_tabla_num
		_LCD
 This function uses a non-reentrant model


 *************** function _Char_LCD *****************
 Defined at:
		line 51 in file "LCD.c"
 Parameters:    Size  Location     Type
  a               1    wreg     unsigned char 
 Auto vars:     Size  Location     Type
  a               1    0[BANK0 ] unsigned char 
 Return value:  Size  Location     Type
                  1    wreg      void 
 Registers used:
		wreg, status,2, status,0, pclath, cstack
 Tracked objects:
		On entry : 
		On exit  : 
		Unchanged: 
 Data sizes:     COMMON   BANK0   BANK1   BANK3   BANK2
      Params:         0       0       0       0       0
      Locals:         0       1       0       0       0
      Temps:          1       0       0       0       0
      Totals:         1       1       0       0       0
Total ram usage:        2 bytes
 Hardware stack levels used:    1
 Hardware stack levels required when called:    3
 This function calls:
		_PORT_LCD
 This function is called by:
		_Write_LCD
 This function uses a non-reentrant model


 *************** function ___wmul *****************
 Defined at:
		line 15 in file "C:\Program Files\Microchip\xc8\v2.31\pic\sources\c90\common\Umul16.c"
 Parameters:    Size  Location     Type
  multiplier      2    0[BANK0 ] unsigned int 
  multiplicand    2    2[BANK0 ] unsigned int 
 Auto vars:     Size  Location     Type
  product         2    6[COMMON] unsigned int 
 Return value:  Size  Location     Type
                  2    0[BANK0 ] unsigned int 
 Registers used:
		wreg, status,2, status,0
 Tracked objects:
		On entry : 
		On exit  : 
		Unchanged: 
 Data sizes:     COMMON   BANK0   BANK1   BANK3   BANK2
      Params:         0       4       0       0       0
      Locals:         2       0       0       0       0
      Temps:          0       0       0       0       0
      Totals:         2       4       0       0       0
Total ram usage:        6 bytes
 Hardware stack levels used:    1
 Hardware stack levels required when called:    2
 This function calls:
		Nothing
 This function is called by:
		_Print_Num
		_Print_Cont
		_Transmisor_USART
 This function uses a non-reentrant model


 *************** function ___awdiv *****************
 Defined at:
		line 5 in file "C:\Program Files\Microchip\xc8\v2.31\pic\sources\c90\common\awdiv.c"
 Parameters:    Size  Location     Type
  divisor         2    0[BANK0 ] int 
  dividend        2    2[BANK0 ] int 
 Auto vars:     Size  Location     Type
  quotient        2    6[BANK0 ] int 
  sign            1    5[BANK0 ] unsigned char 
  counter         1    4[BANK0 ] unsigned char 
 Return value:  Size  Location     Type
                  2    0[BANK0 ] int 
 Registers used:
		wreg, status,2, status,0
 Tracked objects:
		On entry : 
		On exit  : 
		Unchanged: 
 Data sizes:     COMMON   BANK0   BANK1   BANK3   BANK2
      Params:         0       4       0       0       0
      Locals:         0       4       0       0       0
      Temps:          1       0       0       0       0
      Totals:         1       8       0       0       0
Total ram usage:        9 bytes
 Hardware stack levels used:    1
 Hardware stack levels required when called:    2
 This function calls:
		Nothing
 This function is called by:
		_Print_Num
		_Print_Cont
		_Transmisor_USART
 This function uses a non-reentrant model


 *************** function _Lcd_Set_Cursor *****************
 Defined at:
		line 37 in file "LCD.c"
 Parameters:    Size  Location     Type
  a               1    wreg     unsigned char 
  b               1    1[BANK0 ] unsigned char 
 Auto vars:     Size  Location     Type
  a               1    3[BANK0 ] unsigned char 
  temp            1    4[BANK0 ] unsigned char 
  y               1    0        unsigned char 
  z               1    0        unsigned char 
 Return value:  Size  Location     Type
                  1    wreg      void 
 Registers used:
		wreg, status,2, status,0, pclath, cstack
 Tracked objects:
		On entry : 
		On exit  : 
		Unchanged: 
 Data sizes:     COMMON   BANK0   BANK1   BANK3   BANK2
      Params:         0       1       0       0       0
      Locals:         0       2       0       0       0
      Temps:          0       1       0       0       0
      Totals:         0       4       0       0       0
Total ram usage:        4 bytes
 Hardware stack levels used:    1
 Hardware stack levels required when called:    4
 This function calls:
		_CMD_LCD
 This function is called by:
		_LCD
 This function uses a non-reentrant model


 *************** function _CMD_LCD *****************
 Defined at:
		line 30 in file "LCD.c"
 Parameters:    Size  Location     Type
  v               1    wreg     unsigned char 
 Auto vars:     Size  Location     Type
  v               1    0[BANK0 ] unsigned char 
 Return value:  Size  Location     Type
                  1    wreg      void 
 Registers used:
		wreg, status,2, status,0, pclath, cstack
 Tracked objects:
		On entry : 
		On exit  : 
		Unchanged: 
 Data sizes:     COMMON   BANK0   BANK1   BANK3   BANK2
      Params:         0       0       0       0       0
      Locals:         0       1       0       0       0
      Temps:          1       0       0       0       0
      Totals:         1       1       0       0       0
Total ram usage:        2 bytes
 Hardware stack levels used:    1
 Hardware stack levels required when called:    3
 This function calls:
		_PORT_LCD
 This function is called by:
		_LCD_Init_8bits
		_Lcd_Set_Cursor
		_Clear_LCD
 This function uses a non-reentrant model


 *************** function _PORT_LCD *****************
 Defined at:
		line 20 in file "LCD.c"
 Parameters:    Size  Location     Type
  v               1    wreg     unsigned char 
 Auto vars:     Size  Location     Type
  v               1    6[COMMON] unsigned char 
 Return value:  Size  Location     Type
                  1    wreg      void 
 Registers used:
		wreg
 Tracked objects:
		On entry : 
		On exit  : 
		Unchanged: 
 Data sizes:     COMMON   BANK0   BANK1   BANK3   BANK2
      Params:         0       0       0       0       0
      Locals:         1       0       0       0       0
      Temps:          0       0       0       0       0
      Totals:         1       0       0       0       0
Total ram usage:        1 bytes
 Hardware stack levels used:    1
 Hardware stack levels required when called:    2
 This function calls:
		Nothing
 This function is called by:
		_LCD_Init_8bits
		_CMD_LCD
		_Char_LCD
 This function uses a non-reentrant model


 *************** function _Config_USART *****************
 Defined at:
		line 42 in file "../../OneDrive/Escritorio/lab fredy/Lab_02.X/LibreriaConfig.c"
 Parameters:    Size  Location     Type
		None
 Auto vars:     Size  Location     Type
		None
 Return value:  Size  Location     Type
                  1    wreg      void 
 Registers used:
		wreg
 Tracked objects:
		On entry : 
		On exit  : 
		Unchanged: 
 Data sizes:     COMMON   BANK0   BANK1   BANK3   BANK2
      Params:         0       0       0       0       0
      Locals:         0       0       0       0       0
      Temps:          0       0       0       0       0
      Totals:         0       0       0       0       0
Total ram usage:        0 bytes
 Hardware stack levels used:    1
 Hardware stack levels required when called:    2
 This function calls:
		Nothing
 This function is called by:
		_main
 This function uses a non-reentrant model


 *************** function _Config_TMR0 *****************
 Defined at:
		line 14 in file "../../OneDrive/Escritorio/lab fredy/Lab_02.X/LibreriaConfig.c"
 Parameters:    Size  Location     Type
		None
 Auto vars:     Size  Location     Type
  valor_tmr0      1    0        unsigned char 
 Return value:  Size  Location     Type
                  1    wreg      unsigned char 
 Registers used:
		wreg
 Tracked objects:
		On entry : 
		On exit  : 
		Unchanged: 
 Data sizes:     COMMON   BANK0   BANK1   BANK3   BANK2
      Params:         0       0       0       0       0
      Locals:         1       0       0       0       0
      Temps:          0       0       0       0       0
      Totals:         1       0       0       0       0
Total ram usage:        1 bytes
 Hardware stack levels used:    1
 Hardware stack levels required when called:    2
 This function calls:
		Nothing
 This function is called by:
		_main
 This function uses a non-reentrant model


 *************** function _Config_Puertos *****************
 Defined at:
		line 55 in file "../../OneDrive/Escritorio/lab fredy/Lab_02.X/LibreriaConfig.c"
 Parameters:    Size  Location     Type
		None
 Auto vars:     Size  Location     Type
		None
 Return value:  Size  Location     Type
                  1    wreg      void 
 Registers used:
		wreg, status,2
 Tracked objects:
		On entry : 
		On exit  : 
		Unchanged: 
 Data sizes:     COMMON   BANK0   BANK1   BANK3   BANK2
      Params:         0       0       0       0       0
      Locals:         0       0       0       0       0
      Temps:          0       0       0       0       0
      Totals:         0       0       0       0       0
Total ram usage:        0 bytes
 Hardware stack levels used:    1
 Hardware stack levels required when called:    2
 This function calls:
		Nothing
 This function is called by:
		_main
 This function uses a non-reentrant model


 *************** function _Config_Oscilador *****************
 Defined at:
		line 7 in file "../../OneDrive/Escritorio/lab fredy/Lab_02.X/LibreriaConfig.c"
 Parameters:    Size  Location     Type
		None
 Auto vars:     Size  Location     Type
		None
 Return value:  Size  Location     Type
                  1    wreg      void 
 Registers used:
		wreg
 Tracked objects:
		On entry : 
		On exit  : 
		Unchanged: 
 Data sizes:     COMMON   BANK0   BANK1   BANK3   BANK2
      Params:         0       0       0       0       0
      Locals:         0       0       0       0       0
      Temps:          0       0       0       0       0
      Totals:         0       0       0       0       0
Total ram usage:        0 bytes
 Hardware stack levels used:    1
 Hardware stack levels required when called:    2
 This function calls:
		Nothing
 This function is called by:
		_main
 This function uses a non-reentrant model


 *************** function _Config_ADC *****************
 Defined at:
		line 29 in file "../../OneDrive/Escritorio/lab fredy/Lab_02.X/LibreriaConfig.c"
 Parameters:    Size  Location     Type
		None
 Auto vars:     Size  Location     Type
		None
 Return value:  Size  Location     Type
                  1    wreg      void 
 Registers used:
		wreg
 Tracked objects:
		On entry : 
		On exit  : 
		Unchanged: 
 Data sizes:     COMMON   BANK0   BANK1   BANK3   BANK2
      Params:         0       0       0       0       0
      Locals:         0       0       0       0       0
      Temps:          1       0       0       0       0
      Totals:         1       0       0       0       0
Total ram usage:        1 bytes
 Hardware stack levels used:    1
 Hardware stack levels required when called:    2
 This function calls:
		Nothing
 This function is called by:
		_main
 This function uses a non-reentrant model


 *************** function _isr *****************
 Defined at:
		line 60 in file "Lab2.c"
 Parameters:    Size  Location     Type
		None
 Auto vars:     Size  Location     Type
		None
 Return value:  Size  Location     Type
                  1    wreg      void 
 Registers used:
		wreg, status,2, status,0, pclath, cstack
 Tracked objects:
		On entry : 
		On exit  : 
		Unchanged: 
 Data sizes:     COMMON   BANK0   BANK1   BANK3   BANK2
      Params:         0       0       0       0       0
      Locals:         0       0       0       0       0
      Temps:          4       0       0       0       0
      Totals:         4       0       0       0       0
Total ram usage:        4 bytes
 Hardware stack levels used:    1
 Hardware stack levels required when called:    1
 This function calls:
		_Valor_ADC
 This function is called by:
		Interrupt level 1
 This function uses a non-reentrant model


 *************** function _Valor_ADC *****************
 Defined at:
		line 74 in file "../../OneDrive/Escritorio/lab fredy/Lab_02.X/LibreriaConfig.c"
 Parameters:    Size  Location     Type
  canal           1    wreg     unsigned char 
 Auto vars:     Size  Location     Type
  canal           1    1[COMMON] unsigned char 
 Return value:  Size  Location     Type
                  1    wreg      unsigned char 
 Registers used:
		wreg, status,2, status,0
 Tracked objects:
		On entry : 
		On exit  : 
		Unchanged: 
 Data sizes:     COMMON   BANK0   BANK1   BANK3   BANK2
      Params:         0       0       0       0       0
      Locals:         1       0       0       0       0
      Temps:          1       0       0       0       0
      Totals:         2       0       0       0       0
Total ram usage:        2 bytes
 Hardware stack levels used:    1
 This function calls:
		Nothing
 This function is called by:
		_isr
 This function uses a non-reentrant model



MODULE INFORMATION

Module		Function		Class		Link	Load	Size
C:\Program Files\Microchip\xc8\v2.31\pic\sources\c90\common\Umul16.c
		___wmul        		CODE           	058C	0000	39

C:\Program Files\Microchip\xc8\v2.31\pic\sources\c90\common\Umul16.c estimated size: 39

C:\Program Files\Microchip\xc8\v2.31\pic\sources\c90\common\awdiv.c
		___awdiv       		CODE           	032F	0000	105

C:\Program Files\Microchip\xc8\v2.31\pic\sources\c90\common\awdiv.c estimated size: 105

shared
		__stringtab    		STRING         	0500	0000	6
		__initialization		CODE           	000F	0000	9

shared estimated size: 15

../../OneDrive/Escritorio/lab fredy/Lab_02.X/LibreriaConfig.c
		_USART         		CODE           	0535	0000	44
		_LCD           		CODE           	02BD	0000	114
		_Valor_ADC     		CODE           	065C	0000	21
		_Transmisor_USART		CODE           	001C	0000	159
		_Config_ADC    		CODE           	062F	0000	24
		_Config_TMR0   		CODE           	0684	0000	15
		_Texto_USART   		CODE           	0561	0000	43
		_Config_USART  		CODE           	0671	0000	19
		_Config_Oscilador		CODE           	0693	0000	8
		_tabla_USART   		CODE           	0246	0000	119
		_Config_Puertos		CODE           	0647	0000	21

../../OneDrive/Escritorio/lab fredy/Lab_02.X/LibreriaConfig.c estimated size: 587

Lab2.c
		_main          		CODE           	0398	0000	82
		_isr           		CODE           	048B	0000	78

Lab2.c estimated size: 160

LCD.c
		_Print_Cont    		CODE           	01CD	0000	121
		_Write_LCD     		CODE           	05B3	0000	38
		_LCD_Init_8bits		CODE           	043C	0000	79
		_CMD_LCD       		CODE           	0617	0000	24
		_Char_LCD      		CODE           	05FF	0000	24
		_Lcd_Set_Cursor		CODE           	05D9	0000	38
		_Print_Num     		CODE           	0148	0000	133
		_tabla_num     		CODE           	00BB	0000	141
		_PORT_LCD      		CODE           	03EA	0000	82

LCD.c estimated size: 680

